<!DOCTYPE>
<html xmlns="http://www.w3.org/1999/xhtml" xml:lang="en" lang="en">
<head>
    <title>Yatspec Tag Index</title>
    <script src="https://ajax.googleapis.com/ajax/libs/jquery/1.4.2/jquery.min.js" type="text/javascript"></script>
    <link rel="stylesheet" id="theme" type="text/css" href="yatspec_alt.css">
</head>
<body>

<h1>Tags</h1>

<div class="contents">
    <dl class="tag-index">
        <dt>#tag-name1</dt>
        <dd class="test-not-run icon-warning">
            <a href="com/googlecode/yatspec/rendering/html/tagindex/HtmlTagIndexRendererTest$1.html#exampleTestMethodA">Example test method a</a>
        </dd>
    </dl>
    <dl class="tag-index">
        <dt>#tag-name2</dt>
        <dd class="test-not-run icon-warning">
            <a href="com/googlecode/yatspec/rendering/html/tagindex/HtmlTagIndexRendererTest$1.html#exampleTestMethodA">Example test method a</a>
        </dd>
        <dd class="test-not-run icon-warning">
            <a href="com/googlecode/yatspec/rendering/html/tagindex/HtmlTagIndexRendererTest$1.html#exampleTestMethodC">Example test method c</a>
        </dd>
    </dl>
    <dl class="tag-index">
        <dt>#tag-name3</dt>
        <dd class="test-not-run icon-warning">
            <a href="com/googlecode/yatspec/rendering/html/tagindex/HtmlTagIndexRendererTest$1.html#exampleTestMethodB">Example test method b</a>
        </dd>
    </dl>
</div>
</body>
</html>
